============================= test session starts =============================
platform win32 -- Python 3.12.2, pytest-9.0.2, pluggy-1.6.0
rootdir: C:\Users\saisagar\Downloads\flask-react-assessment-saisagardunna-main\flask-react-assessment-saisagardunna-main\tests
configfile: pyproject.toml
collected 0 items / 1 error

=================================== ERRORS ====================================
______________ ERROR collecting modules/task/test_comment_api.py ______________
ImportError while importing test module 'C:\Users\saisagar\Downloads\flask-react-assessment-saisagardunna-main\flask-react-assessment-saisagardunna-main\tests\modules\task\test_comment_api.py'.
Hint: make sure your test modules/packages have valid Python names.
Traceback:
..\..\..\AppData\Local\Programs\Python\Python312\Lib\importlib\__init__.py:90: in import_module
    return _bootstrap._gcd_import(name[level:], package, level)
           ^^^^^^^^^^^^^^^^^^^^^^^^^^^^^^^^^^^^^^^^^^^^^^^^^^^^
tests\modules\task\test_comment_api.py:2: in <module>
    from server import app
src\apps\backend\server.py:8: in <module>
    from modules.account.rest_api.account_rest_api_server import AccountRestApiServer
src\apps\backend\modules\account\rest_api\account_rest_api_server.py:3: in <module>
    from modules.account.rest_api.account_router import AccountRouter
src\apps\backend\modules\account\rest_api\account_router.py:3: in <module>
    from modules.account.rest_api.account_view import AccountView
src\apps\backend\modules\account\rest_api\account_view.py:7: in <module>
    from modules.account.account_service import AccountService
src\apps\backend\modules\account\account_service.py:2: in <module>
    from modules.account.internal.account_writer import AccountWriter
src\apps\backend\modules\account\internal\account_writer.py:5: in <module>
    from phonenumbers import is_valid_number, parse
E   ModuleNotFoundError: No module named 'phonenumbers'
=========================== short test summary info ===========================
ERROR tests\modules\task\test_comment_api.py
!!!!!!!!!!!!!!!!!!! Interrupted: 1 error during collection !!!!!!!!!!!!!!!!!!!!
============================== 1 error in 35.15s ==============================
